╭────────────────────────────╮Config                                                      
│              __            │1-5 screen · ? info · F1 keys                               
│       UooU\.'@@@@@@`.      │                                                            
│       \__/(@@@@@@@@@@)     │[clone]                                                     
│          (@@@@@@@@)        │  name_template                {db}_dolly_{n}               
│          `YY~~~~YY'        │  target_url                   (empty)                      
│           ||    ||         │  dump_dir                     (empty)                      
│                            │  restore_on_conflict          error                        
│            dolly           │  replace                      false                        
│                            │  skip_create                  false                        
│   1 connect                │  strategy                     schema-replay                
│   2 schema                 │                                                            
│   3 dump                   │[clone.preflight]                                           
│   4 clone                  │  cache_permissions            false                        
│ > 5 config                 │  cache_permissions_path       .dolly/permissions-cache.yaml
│                            │  cache_permissions_ttl        24h                          
│                            │                                                            
│                            │[sanitization]                                              
│                            │  enabled                      false                        
╰────────────────────────────╯                                                            
                              [subset]                                                    
                              > percent                           notanint▌               
U@U dump · restore · clone · tui — export · load · clone workflow · cockpit     
↑↓/j/k scroll · Enter/Space edit · auto-save on leave · ?/F1                    