╭────────────────────────────╮╭───────────────────────────────────────────╮
│              __            ││ Connection                                │
│       UooU\.'@@@@@@`.      ││ 1-5 menu · ? info · F1 keys               │
│       \__/(@@@@@@@@@@)     ││                                           │
│          (@@@@@@@@)        ││ Host:                                     │
│          `YY~~~~YY'        ││ Port:                                     │
│           ||    ||         ││ Database:                                 │
│                            ││ User:                                     │
│            dolly           ││ Password:                                 │
│                            ││ SSLMODE:                                  │
│ > 1 connect                ││                                           │
│   2 schema                 ││ Saved profiles                            │
│   3 dump                   ││ No saved profiles yet — enter credentials │
│   4 clone                  ││ in Connection fields and connect with     │
│   5 config                 ││ Enter to auto-save                        │
│                            ││                                           │
│                            ││                                           │
│                            ││                                           │
│                            ││                                           │
╰────────────────────────────╯╰───────────────────────────────────────────╯
U@U dump · restore · clone · tui — export · load · clone workflow · cockpit     
↑↓ section · Enter open · e/s/r/d/t · ?/F1                                      