╭────────────────────────────╮╭───────────────────────╮
│              __            ││ Connection            │
│       UooU\.'@@@@@@`.      ││ 1-5 menu · ? info ·   │
│       \__/(@@@@@@@@@@)     ││ F1 keys               │
│          (@@@@@@@@)        ││                       │
│          `YY~~~~YY'        ││ Editing profile:      │
│           ||    ||         ││ staging               │
│                            ││                       │
│            dolly           ││ Host: ▌db.example.com │
│                            ││ Port: 5432            │
│ > 1 connect                ││ Database: app         │
│   2 schema                 ││ User: deploy          │
│   3 dump                   ││ Password: ********    │
│   4 clone                  ││ SSLMODE:              │
│   5 config                 ││ Schemas: app, billing │
╰────────────────────────────╯╰───────────────────────╯
U@U dump · restore · clone · tui · history restore          
↑↓ section · Enter open · e/s/r/d/t · ?/F1                  