╭────────────────────────────╮╭───────────────────────────────────────────╮
│              __            ││ Connection                                │
│       UooU\.'@@@@@@`.      ││ 1-5 menu · ? info · F1 keys               │
│       \__/(@@@@@@@@@@)     ││                                           │
│          (@@@@@@@@)        ││ Host: prod.internal                       │
│          `YY~~~~YY'        ││ Port: 5432                                │
│           ||    ||         ││ Database: app                             │
│                            ││ User: app                                 │
│            dolly           ││ Password: ********                        │
│                            ││ SSLMODE:                                  │
│ > 1 connect                ││ SSL root cert:                            │
│   2 schema                 ││ SSL cert:                                 │
│   3 dump                   ││ SSL key:                                  │
│   4 clone                  ││                                           │
│   5 config                 ││ Saved profiles                            │
│                            ││ >   prod  pr***l / a*** / a***            │
│                            ││     staging  db***m / de***y / a***       │
│                            ││ * set default · Enter connect             │
│                            ││                                           │
╰────────────────────────────╯╰───────────────────────────────────────────╯
U@U dump · restore · clone · tui — export · load · clone workflow · cockpit     
↑↓ section · Enter open · e/s/r/d/t · ?/F1                                      