╭────────────────────────────╮╭────────────────╮╭────────────────╮╭────────────────╮
│              __            ││ Connection     ││ Keyboard Help  ││ CLI catalog    │
│       UooU\.'@@@@@@`.      ││ 1-5 menu · ?   ││ ↑/↓ section ·  ││ n/p pages ·    │
│       \__/(@@@@@@@@@@)     ││ info · F1 keys ││ Enter open ·   ││ dump · restore │
│          (@@@@@@@@)        ││                ││ Esc back · Tab ││ · clone · tui  │
│          `YY~~~~YY'        ││ Host: [*]      ││ within · g/F5  ││                │
│           ||    ||         ││ Port:          ││ run            ││ F1/Esc close · │
│                            ││ Database:      ││ (dump/clone)   ││ n/p pages ·    │
│            dolly           ││ User:          ││                ││ 1/5 Keys       │
│                            ││ Password:      ││ 1-5  [global]  ││                │
│ > 1 connect                ││ SSLMODE:       ││ jump to screen ││                │
│   2 schema                 ││                ││ Ctrl+Tab       ││                │
│   3 dump                   ││ Saved profiles ││ [global]  next ││                │
│   4 clone                  ││     staging    ││ screen         ││                │
│   5 config                 ││ db***m / a***  ││ Ctrl+Shift+Tab ││                │
│                            ││ / a***         ││ [global]       ││                │
│                            ││ Open Saved     ││ previous       ││                │
│                            ││ profiles       ││ screen         ││                │
│                            ││ section to     ││ g / F5         ││                │
╰────────────────────────────╯│ pick a profile ││ [dump/clone]   │╰────────────────╯
                              ╰────────────────╯│ start run      │                  
                                                │ Ctrl+Enter     │                  
                                                │ [dump/clone]   │                  
                                                │ start run      │                  
                                                │ (terminal-     │                  
                                                │ dependent)     │                  
                                                │ ?  [global]    │                  
                                                │ context help   │                  
                                                │ (screen,       │                  
                                                │ field,         │                  
                                                │ strategies)    │                  
                                                │ F1  [global]   │                  
                                                │ keyboard       │                  
                                                │ shortcuts and  │                  
                                                │ CLI catalog    │                  
                                                │ Esc  [global]  │                  
                                                │ close help /   │                  
                                                │ quit prompt    │                  
                                                │ Ctrl+C         │                  
                                                │ [global]  quit │                  
                                                │ prompt         │                  
                                                │ Y/N  [modal]   │                  
                                                │ confirm or     │                  
                                                │ cancel dialog  │                  
                                                │ ↑/↓            │                  
                                                │ [connection]   │                  
                                                │ overview: next │                  
                                                │ section ·      │                  
                                                │ inside: field  │                  
                                                │ or profile     │                  
                                                │ Enter          │                  
                                                │ [connection]   │                  
                                                │ overview: open │                  
                                                │ section ·      │                  
                                                │ fields:        │                  
                                                │ connect ·      │                  
                                                │ list: pick     │                  
                                                │ Tab            │                  
                                                │ [connection]   │                  
                                                │ inside fields: │                  
                                                │ next field     │                  
                                                │ Esc            │                  
                                                │ [connection]   │                  
                                                │ inside: back   │                  
                                                │ to overview    │                  
                                                │ Ctrl+T         │                  
                                                │ [connection]   │                  
                                                │ test           │                  
                                                │ connection     │                  
                                                │ (fields or     │                  
                                                │ edit panel)    │                  
                                                │ e              │                  
                                                │ [connection]   │                  
                                                │ edit profile   │                  
                                                │ fields (saved  │                  
                                                │ list section)  │                  
                                                │ s              │                  
                                                │ [connection]   │                  
                                                │ save-as        │                  
                                                │ profile (saved │                  
                                                │ list section)  │                  
                                                │ r              │                  
                                                │ [connection]   │                  
                                                │ rename profile │                  
                                                │ (saved list    │                  
                                                │ section)       │                  
                                                │ d              │                  
                                                │ [connection]   │                  
                                                │ delete profile │                  
                                                │ (saved ……      │                  
                                                ╰────────────────╯                  
U@U dump · restore · clone · tui — export · load · clone workflow · cockpit     
↑↓ section · Enter open · e/s/r/d/t · ?/F1                                      