╭────────────────────────────╮╭───────────────────────╮
│              __            ││ Connection            │
│       UooU\.'@@@@@@`.      ││ 1-5 menu · ? info ·   │
│       \__/(@@@@@@@@@@)     ││ F1 keys               │
│          (@@@@@@@@)        ││                       │
│          `YY~~~~YY'        ││ Host: prod.internal   │
│           ||    ||         ││ Port: 5432            │
│                            ││ Database: app         │
│            dolly           ││ User: app             │
│                            ││ Password: ********    │
│ > 1 connect                ││ SSLMODE:              │
│   2 schema                 ││                       │
│   3 dump                   ││ Saved profiles        │
│   4 clone                  ││ >   prod  pr***l /    │
│   5 config                 ││ a*** / a***           │
╰────────────────────────────╯│     staging  db***m / │
                              │ de***y / a***         │
                              │ * set default · Enter │
                              │ connect               │
                              ╰───────────────────────╯
U@U dump · restore · clone · tui · history restore          
↑↓ section · Enter open · e/s/r/d/t · ?/F1                  