╭────────────────────────────╮╭───────────────────────╮
│              __            ││ Connection            │
│       UooU\.'@@@@@@`.      ││ 1-5 menu · ? info ·   │
│       \__/(@@@@@@@@@@)     ││ F1 keys               │
│          (@@@@@@@@)        ││                       │
│          `YY~~~~YY'        ││ Host: db.example.com  │
│ ╭──────────────────────────────────────────────────────╮
│ │ Delete profile?                                      │
│ │                                                      │
│ │ Remove "staging" from saved connections. This cannot │
│ │ be undone.                                           │
│ │                                                      │
│ │ Y confirm  ·  N / Esc cancel                         │
│ ╰──────────────────────────────────────────────────────╯
│   5 config                 ││ a*** / a***           │
╰────────────────────────────╯│ * set default · Enter │
                              │ connect               │
                              ╰───────────────────────╯
U@U dump · restore · clone · tui · history restore
↑↓ section · Enter open · e/s/r/d/t · ?/F1