╭────────────────────────────╮╭────────────────╮╭────────────────╮╭────────────────╮
│              __            ││ Dump           ││ Keyboard Help  ││ CLI catalog    │
│       UooU\.'@@@@@@`.      ││                ││ ↑/↓ section ·  ││ n/p pages ·    │
│       \__/(@@@@@@@@@@)     ││ Connect first  ││ Enter open ·   ││ dump · restore │
│          (@@@@@@@@)        ││ (screen 1)     ││ Esc back · Tab ││ · clone ·      │
│          `YY~~~~YY'        ││                ││ within · g/F5  ││ update · tui   │
│           ||    ||         ││                ││ run            ││                │
│                            ││                ││ (dump/clone)   ││ F1/Esc close · │
│            dolly           ││                ││                ││ n/p pages ·    │
│                            ││                ││ 1-5  [global]  ││ 1/6 Keys       │
│   1 connect                ││                ││ jump to screen ││                │
│   2 schema                 ││                ││ Ctrl+Tab       ││                │
│ > 3 dump                   ││                ││ [global]  next ││                │
│   4 clone                  ││                ││ screen         ││                │
│   5 config                 ││                ││ Ctrl+Shift+Tab ││                │
│                            ││                ││ [global]       ││                │
│                            ││                ││ previous       ││                │
│                            ││                ││ screen         ││                │
│                            ││                ││ g / F5         ││                │
╰────────────────────────────╯╰────────────────╯│ [dump/clone]   │╰────────────────╯
                                                │ start run      │                  
                                                │ Ctrl+Enter     │                  
                                                │ [dump/clone]   │                  
                                                │ start run      │                  
                                                │ (terminal-     │                  
                                                │ dependent)     │                  
                                                │ ?  [global]    │                  
                                                │ context help   │                  
                                                │ (screen,       │                  
                                                │ field,         │                  
                                                │ strategies)    │                  
                                                │ F1  [global]   │                  
                                                │ keyboard       │                  
                                                │ shortcuts and  │                  
                                                │ CLI catalog    │                  
                                                │ Esc  [global]  │                  
                                                │ close help /   │                  
                                                │ quit prompt    │                  
                                                │ Ctrl+C         │                  
                                                │ [global]  quit │                  
                                                │ prompt         │                  
                                                │ Y/N  [modal]   │                  
                                                │ confirm or     │                  
                                                │ cancel dialog  │                  
                                                │ ↑/↓  [dump]    │                  
                                                │ overview: next │                  
                                                │ section ·      │                  
                                                │ inside: move   │                  
                                                │ in section     │                  
                                                │ Enter  [dump]  │                  
                                                │ overview: open │                  
                                                │ section        │                  
                                                │ Esc  [dump]    │                  
                                                │ inside: back   │                  
                                                │ to overview    │                  
                                                │ ←/→  [dump]    │                  
                                                │ edit base      │                  
                                                │ directory      │                  
                                                │ (inside path   │                  
                                                │ section)       │                  
                                                │ Space  [dump]  │                  
                                                │ toggle schema  │                  
                                                │ (inside        │                  
                                                │ schemas        │                  
                                                │ section)       │                  
                                                │ a  [dump]      │                  
                                                │ select/deselec │                  
                                                │ t all schemas  │                  
                                                │ (inside        │                  
                                                │ schemas        │                  
                                                │ section)       │                  
                                                │ Enter/r        │                  
                                                │ [dump]         │                  
                                                │ restore        │                  
                                                │ selected dump  │                  
                                                │ (inside        │                  
                                                │ history        │                  
                                                │ section)       │                  
                                                │ g / F5  [dump] │                  
                                                │ start dump     │                  
                                                │ Ctrl+Enter     │                  
                                                │ [dump]  start  │                  
                                                │ dump           │                  
                                                │ (termina……     │                  
                                                ╰────────────────╯                  
U@U dump · restore · clone · tui — export · load · clone workflow · cockpit     
↑↓ section · Enter open · g/F5 dump · ?/F1                                      