╭────────────────────────────╮╭───────────────────────────────────────────╮
│              __            ││ Dump                                      │
│       UooU\.'@@@@@@`.      ││                                           │
│       \__/(@@@@@@@@@@)     ││ > Base directory  /tmp/dolly-dump         │
│          (@@@@@@@@)        ││   Schemas  No schemas selected            │
│          `YY~~~~YY'        ││   History  (no dumps yet)                 │
│           ||    ||         ││   Log  (no messages yet)                  │
│                            ││                                           │
│            dolly           ││ ↑/↓ section · Enter open                  │
│                            ││                                           │
│   1 connect                ││                                           │
│   2 schema                 ││                                           │
│ > 3 dump                   ││                                           │
│   4 clone                  ││                                           │
│   5 config                 ││                                           │
│                            ││                                           │
│                            ││                                           │
│                            ││                                           │
│                            ││                                           │
╰────────────────────────────╯╰───────────────────────────────────────────╯
U@U dump · restore · clone · tui — export · load · clone workflow · cockpit     
↑↓ section · Enter open · g/F5 dump · ?/F1                                      