╭────────────────────────────╮╭───────────────────────────────────────────╮
│              __            ││ Connection                                │
│       UooU\.'@@@@@@`.      ││ 1-5 menu · ? info · F1 keys               │
│       \__/(@@@@@@@@@@)     ││                                           │
│          (@@@@@@@@)        ││ Host: [*]                                 │
│          `YY~~~~YY'        ││ Port:                                     │
│           ||    ||         ││ Database:                                 │
│                            ││ User:                                     │
│           ╭──────────────────────────────────────────────────────╮      │
│           │ Quit dolly?                                          │      │
│ > 1 connec│                                                      │      │
│   2 schema│ Close the session and disconnect. Unsaved field      │      │
│   3 dump  │ edits are discarded.                                 │      │
│   4 clone │                                                      │      │
│   5 config│ Y quit  ·  N / Esc stay                              │      │
│           ╰──────────────────────────────────────────────────────╯      │
│                            ││                                           │
│                            ││                                           │
│                            ││                                           │
╰────────────────────────────╯╰───────────────────────────────────────────╯
U@U dump · restore · clone · tui — export · load · clone workflow · cockpit
Enter connect · Esc back · Tab field · ?/F1

