╭────────────────────────────╮╭───────────────────────────────────────────╮
│              __            ││ Connection                                │
│       UooU\.'@@@@@@`.      ││ 1-5 menu · ? info · F1 keys               │
│       \__/(@@@@@@@@@@)     ││                                           │
│          (@@@@@@@@)        ││ Host: [*]                                 │
│          `YY~~~~YY'        ││ Port:                                     │
│           ||    ||         ││ Database:                                 │
│                            ││ User:                                     │
│            dolly           ││ Password:                                 │
│                            ││ SSLMODE:                                  │
│ > 1 connect                ││                                           │
│   2 schema                 ││                                           │
│   3 dump                   ││                                           │
│   4 clone                  ││                                           │
│   5 config                 ││                                           │
│                            ││                                           │
│                            ││                                           │
│                            ││                                           │
│                            ││                                           │
╰────────────────────────────╯╰───────────────────────────────────────────╯
U@U dump · restore · clone · tui — export · load · clone workflow · cockpit     
Enter connect · Esc back · Tab field · ?/F1                                     